[
  "bar/world-link",
  "foo/foo-2",
  "foo/foo-1/world"
]
