<resources>
  <fraction name="config_autoBrightnessAdjustmentMaxGamma">300.0%</fraction>
  <fraction name="config_dimBehindFadeDuration">100.0%</fraction>
  <fraction name="config_maximumScreenDimRatio">20.000004%</fraction>
  <fraction name="config_prescaleAbsoluteVolume_index1">60.000004%</fraction>
  <fraction name="config_prescaleAbsoluteVolume_index2">79.99999%</fraction>
  <fraction name="config_prescaleAbsoluteVolume_index3">90.0%</fraction>
  <fraction name="config_screenAutoBrightnessDozeScaleFactor">100.0%</fraction>
  <fraction name="docked_stack_divider_fixed_ratio">34.150005%</fraction>
  <fraction name="thumbnail_fullscreen_scale">60.000004%</fraction>
  <integer-array name="config_ambientBrighteningThresholds">
    <item>100</item>
  </integer-array>
  <bool name="config_sendPackageName">false</bool>
  <bool name="config_showDefaultAssistant">true</bool>
  <bool name="config_showDefaultEmergency">false</bool>
  <bool name="config_showDefaultHome">true</bool>
</resources>
